Modules list:
-------------
main.o:
    ZEROPAGE          Offs=000000  Size=0000DC  Align=00001  Fill=0000
    INES              Offs=000000  Size=000010  Align=00001  Fill=0000
    OAMBUF            Offs=000000  Size=000100  Align=00001  Fill=0000
    ENTITIES          Offs=000000  Size=000100  Align=00001  Fill=0000
    PLTRACES          Offs=000000  Size=000080  Align=00001  Fill=0000
    DRAWTEMP          Offs=000000  Size=000100  Align=00001  Fill=0000
    CARTWRAM          Offs=000000  Size=000800  Align=00001  Fill=0000
    PRG_LVL0          Offs=000000  Size=0012C1  Align=00100  Fill=0000
    PRG_LVL1          Offs=000000  Size=000FAC  Align=00100  Fill=0000
    PRG_GAME          Offs=000000  Size=001F08  Align=00001  Fill=0000
    PRG_MAIN          Offs=000000  Size=0015C0  Align=00001  Fill=0000
    FMSRAM            Offs=000000  Size=0000A8  Align=00001  Fill=0000
    PRG_PALS          Offs=000000  Size=000040  Align=00001  Fill=0000
    PRG_VECS          Offs=000000  Size=000006  Align=00001  Fill=0000
    CHR_SPR00         Offs=000000  Size=001000  Align=00001  Fill=0000
    CHR_SPR01         Offs=000000  Size=001000  Align=00001  Fill=0000
    CHR_BGTTL         Offs=000000  Size=001000  Align=00001  Fill=0000
    CHR_BGOWD         Offs=000000  Size=001000  Align=00001  Fill=0000
    CHR_SPOWD         Offs=000000  Size=001000  Align=00001  Fill=0000
    CHR_BG000         Offs=000000  Size=001000  Align=00001  Fill=0000
    CHR_BG001         Offs=000000  Size=001000  Align=00001  Fill=0000
    CHR_DMADE         Offs=000000  Size=001000  Align=00001  Fill=0000
    CHR_DTHEO         Offs=000000  Size=001000  Align=00001  Fill=0000
    CHR_DGRAN         Offs=000000  Size=001000  Align=00001  Fill=0000


Segment list:
-------------
Name                   Start     End    Size  Align
----------------------------------------------------
CHR_SPOWD             000000  000FFF  001000  00001
CHR_SPR00             000000  000FFF  001000  00001
CHR_SPR01             000000  000FFF  001000  00001
INES                  000000  00000F  000010  00001
ZEROPAGE              000000  0000DB  0000DC  00001
OAMBUF                000200  0002FF  000100  00001
ENTITIES              000300  0003FF  000100  00001
PLTRACES              000400  00047F  000080  00001
DRAWTEMP              000500  0005FF  000100  00001
FMSRAM                000600  0006A7  0000A8  00001
CHR_BG000             001000  001FFF  001000  00001
CHR_BG001             001000  001FFF  001000  00001
CHR_BGOWD             001000  001FFF  001000  00001
CHR_BGTTL             001000  001FFF  001000  00001
CHR_DGRAN             001000  001FFF  001000  00001
CHR_DMADE             001000  001FFF  001000  00001
CHR_DTHEO             001000  001FFF  001000  00001
CARTWRAM              006000  0067FF  000800  00001
PRG_GAME              008000  009F07  001F08  00001
PRG_LVL0              00A000  00B2C0  0012C1  00100
PRG_LVL1              00A000  00AFAB  000FAC  00100
PRG_MAIN              00E000  00F5BF  0015C0  00001
PRG_PALS              00FF00  00FF3F  000040  00001
PRG_VECS              00FFFA  00FFFF  000006  00001


Exports list by name:
---------------------



Exports list by value:
----------------------



Imports list:
-------------

